May  6 18:46:16 localhost sshd[8763]: Invalid user ec2-user from 143.198.49.250 port 50334
May  6 18:46:16 localhost sshd[8763]: pam_unix(sshd:auth): check pass; user unknown
May  6 18:46:16 localhost sshd[8763]: pam_unix(sshd:auth): authentication failure; logname= uid=0 euid=0 tty=ssh ruser= rhost=143.198.49.250
May  6 18:46:19 localhost sshd[8763]: Failed password for invalid user ec2-user from 143.198.49.250 port 50334 ssh2
May  6 18:46:19 localhost sshd[8763]: Received disconnect from 143.198.49.250 port 50334:11: Bye Bye [preauth]
May  6 18:46:19 localhost sshd[8763]: Disconnected from invalid user ec2-user 143.198.49.250 port 50334 [preauth]
May  6 18:46:31 localhost sshd[8934]: Invalid user noroot from 143.198.49.250 port 53668
May  6 18:46:31 localhost sshd[8934]: pam_unix(sshd:auth): check pass; user unknown
May  6 18:46:31 localhost sshd[8934]: pam_unix(sshd:auth): authentication failure; logname= uid=0 euid=0 tty=ssh ruser= rhost=143.198.49.250
May  6 18:46:32 localhost sshd[8944]: pam_unix(sshd:auth): authentication failure; logname= uid=0 euid=0 tty=ssh ruser= rhost=143.198.145.17  user=root
May  6 18:46:33 localhost sshd[8929]: Invalid user yjh from 159.203.113.193 port 37668
May  6 18:46:33 localhost sshd[8929]: pam_unix(sshd:auth): check pass; user unknown
May  6 18:46:33 localhost sshd[8929]: pam_unix(sshd:auth): authentication failure; logname= uid=0 euid=0 tty=ssh ruser= rhost=159.203.113.193
May  6 18:46:33 localhost sshd[8934]: Failed password for invalid user noroot from 143.198.49.250 port 53668 ssh2
May  6 18:46:33 localhost sshd[8942]: pam_unix(sshd:auth): authentication failure; logname= uid=0 euid=0 tty=ssh ruser= rhost=88.214.58.177  user=root
May  6 18:46:33 localhost sshd[8934]: Received disconnect from 143.198.49.250 port 53668:11: Bye Bye [preauth]
May  6 18:46:33 localhost sshd[8934]: Disconnected from invalid user noroot 143.198.49.250 port 53668 [preauth]
May  6 18:46:34 localhost sshd[8944]: Failed password for root from 143.198.145.17 port 36490 ssh2
May  6 18:46:34 localhost sshd[8944]: Received disconnect from 143.198.145.17 port 36490:11: Bye Bye [preauth]
May  6 18:46:34 localhost sshd[8944]: Disconnected from authenticating user root 143.198.145.17 port 36490 [preauth]
May  6 18:46:35 localhost sshd[8929]: Failed password for invalid user yjh from 159.203.113.193 port 37668 ssh2
May  6 18:46:35 localhost sshd[8929]: Received disconnect from 159.203.113.193 port 37668:11: Bye Bye [preauth]
May  6 18:46:35 localhost sshd[8929]: Disconnected from invalid user yjh 159.203.113.193 port 37668 [preauth]
May  6 18:46:36 localhost sshd[8942]: Failed password for root from 88.214.58.177 port 33718 ssh2
May  6 18:46:36 localhost sshd[8942]: Received disconnect from 88.214.58.177 port 33718:11: Bye Bye [preauth]
May  6 18:46:36 localhost sshd[8942]: Disconnected from authenticating user root 88.214.58.177 port 33718 [preauth]
May  6 18:46:45 localhost sshd[9067]: Invalid user odoo8 from 195.58.48.188 port 51030
May  6 18:46:45 localhost sshd[9067]: pam_unix(sshd:auth): check pass; user unknown
May  6 18:46:45 localhost sshd[9067]: pam_unix(sshd:auth): authentication failure; logname= uid=0 euid=0 tty=ssh ruser= rhost=195.58.48.188
May  6 18:46:46 localhost sshd[9079]: pam_unix(sshd:auth): authentication failure; logname= uid=0 euid=0 tty=ssh ruser= rhost=207.120.8.120  user=root
May  6 18:46:46 localhost sshd[9086]: Invalid user ansible from 143.198.49.250 port 56526
May  6 18:46:46 localhost sshd[9086]: pam_unix(sshd:auth): check pass; user unknown
May  6 18:46:46 localhost sshd[9086]: pam_unix(sshd:auth): authentication failure; logname= uid=0 euid=0 tty=ssh ruser= rhost=143.198.49.250
May  6 18:46:47 localhost sshd[9092]: pam_unix(sshd:auth): authentication failure; logname= uid=0 euid=0 tty=ssh ruser= rhost=49.51.24.192  user=root
May  6 18:46:47 localhost sshd[9100]: pam_unix(sshd:auth): authentication failure; logname= uid=0 euid=0 tty=ssh ruser= rhost=43.156.237.144  user=root
May  6 18:46:47 localhost sshd[9067]: Failed password for invalid user odoo8 from 195.58.48.188 port 51030 ssh2
May  6 18:46:48 localhost sshd[9067]: Received disconnect from 195.58.48.188 port 51030:11: Bye Bye [preauth]
May  6 18:46:48 localhost sshd[9067]: Disconnected from invalid user odoo8 195.58.48.188 port 51030 [preauth]
May  6 18:46:48 localhost sshd[9079]: Failed password for root from 207.120.8.120 port 43534 ssh2
May  6 18:46:48 localhost sshd[9086]: Failed password for invalid user ansible from 143.198.49.250 port 56526 ssh2
May  6 18:46:48 localhost sshd[9079]: Received disconnect from 207.120.8.120 port 43534:11: Bye Bye [preauth]
May  6 18:46:48 localhost sshd[9079]: Disconnected from authenticating user root 207.120.8.120 port 43534 [preauth]
May  6 18:46:48 localhost sshd[9086]: Received disconnect from 143.198.49.250 port 56526:11: Bye Bye [preauth]
May  6 18:46:48 localhost sshd[9086]: Disconnected from invalid user ansible 143.198.49.250 port 56526 [preauth]
May  6 18:46:49 localhost sshd[9092]: Failed password for root from 49.51.24.192 port 39526 ssh2
May  6 18:46:49 localhost sshd[9100]: Failed password for root from 43.156.237.144 port 45746 ssh2
May  6 18:46:49 localhost sshd[9092]: Received disconnect from 49.51.24.192 port 39526:11: Bye Bye [preauth]
May  6 18:46:49 localhost sshd[9092]: Disconnected from authenticating user root 49.51.24.192 port 39526 [preauth]
May  6 18:46:49 localhost sshd[9100]: Received disconnect from 43.156.237.144 port 45746:11: Bye Bye [preauth]
May  6 18:46:49 localhost sshd[9100]: Disconnected from authenticating user root 43.156.237.144 port 45746 [preauth]
May  6 18:47:00 localhost sshd[9222]: pam_unix(sshd:auth): authentication failure; logname= uid=0 euid=0 tty=ssh ruser= rhost=88.214.58.177  user=root
May  6 18:47:01 localhost sshd[9257]: pam_unix(sshd:auth): authentication failure; logname= uid=0 euid=0 tty=ssh ruser= rhost=143.198.49.250  user=root
May  6 18:47:02 localhost sshd[9222]: Failed password for root from 88.214.58.177 port 56062 ssh2
May  6 18:47:02 localhost sshd[9222]: Received disconnect from 88.214.58.177 port 56062:11: Bye Bye [preauth]
May  6 18:47:02 localhost sshd[9222]: Disconnected from authenticating user root 88.214.58.177 port 56062 [preauth]
May  6 18:47:04 localhost sshd[9257]: Failed password for root from 143.198.49.250 port 59370 ssh2
May  6 18:47:04 localhost sshd[9257]: Received disconnect from 143.198.49.250 port 59370:11: Bye Bye [preauth]
May  6 18:47:04 localhost sshd[9257]: Disconnected from authenticating user root 143.198.49.250 port 59370 [preauth]
May  6 18:47:17 localhost sshd[9403]: pam_unix(sshd:auth): authentication failure; logname= uid=0 euid=0 tty=ssh ruser= rhost=143.198.49.250  user=root
May  6 18:47:19 localhost sshd[9403]: Failed password for root from 143.198.49.250 port 34156 ssh2
May  6 18:47:19 localhost sshd[9403]: Received disconnect from 143.198.49.250 port 34156:11: Bye Bye [preauth]
May  6 18:47:19 localhost sshd[9403]: Disconnected from authenticating user root 143.198.49.250 port 34156 [preauth]
May  6 18:47:27 localhost sshd[9500]: pam_unix(sshd:auth): authentication failure; logname= uid=0 euid=0 tty=ssh ruser= rhost=88.214.58.177  user=root
May  6 18:47:29 localhost sshd[9500]: Failed password for root from 88.214.58.177 port 49994 ssh2
May  6 18:47:29 localhost sshd[9500]: Received disconnect from 88.214.58.177 port 49994:11: Bye Bye [preauth]
May  6 18:47:29 localhost sshd[9500]: Disconnected from authenticating user root 88.214.58.177 port 49994 [preauth]
May  6 18:47:31 localhost sshd[9547]: Invalid user dina from 143.198.49.250 port 37166
May  6 18:47:31 localhost sshd[9547]: pam_unix(sshd:auth): check pass; user unknown
May  6 18:47:31 localhost sshd[9547]: pam_unix(sshd:auth): authentication failure; logname= uid=0 euid=0 tty=ssh ruser= rhost=143.198.49.250
May  6 18:47:33 localhost sshd[9555]: pam_unix(sshd:auth): authentication failure; logname= uid=0 euid=0 tty=ssh ruser= rhost=159.203.113.193  user=root
May  6 18:47:34 localhost sshd[9547]: Failed password for invalid user dina from 143.198.49.250 port 37166 ssh2
May  6 18:47:34 localhost sshd[9547]: Received disconnect from 143.198.49.250 port 37166:11: Bye Bye [preauth]
May  6 18:47:34 localhost sshd[9547]: Disconnected from invalid user dina 143.198.49.250 port 37166 [preauth]
May  6 18:47:35 localhost sshd[9582]: pam_unix(sshd:auth): authentication failure; logname= uid=0 euid=0 tty=ssh ruser= rhost=202.77.105.98  user=root
May  6 18:47:35 localhost sshd[9555]: Failed password for root from 159.203.113.193 port 60028 ssh2
May  6 18:47:35 localhost sshd[9555]: Received disconnect from 159.203.113.193 port 60028:11: Bye Bye [preauth]
May  6 18:47:35 localhost sshd[9555]: Disconnected from authenticating user root 159.203.113.193 port 60028 [preauth]
May  6 18:47:36 localhost sshd[9582]: Failed password for root from 202.77.105.98 port 54557 ssh2
May  6 18:47:37 localhost sshd[9582]: Received disconnect from 202.77.105.98 port 54557:11: Bye Bye [preauth]
May  6 18:47:37 localhost sshd[9582]: Disconnected from authenticating user root 202.77.105.98 port 54557 [preauth]
May  6 18:47:43 localhost sshd[9653]: pam_unix(sshd:auth): authentication failure; logname= uid=0 euid=0 tty=ssh ruser= rhost=143.198.145.17  user=root
May  6 18:47:45 localhost sshd[9653]: Failed password for root from 143.198.145.17 port 53158 ssh2
May  6 18:47:45 localhost sshd[9653]: Received disconnect from 143.198.145.17 port 53158:11: Bye Bye [preauth]
May  6 18:47:45 localhost sshd[9653]: Disconnected from authenticating user root 143.198.145.17 port 53158 [preauth]
May  6 18:47:47 localhost sshd[9730]: pam_unix(sshd:auth): authentication failure; logname= uid=0 euid=0 tty=ssh ruser= rhost=143.198.49.250  user=root
May  6 18:47:47 localhost sshd[9728]: Invalid user admin from 152.89.196.55 port 12327
May  6 18:47:47 localhost sshd[9728]: pam_unix(sshd:auth): check pass; user unknown
May  6 18:47:47 localhost sshd[9728]: pam_unix(sshd:auth): authentication failure; logname= uid=0 euid=0 tty=ssh ruser= rhost=152.89.196.55
May  6 18:47:48 localhost sshd[9730]: Failed password for root from 143.198.49.250 port 40182 ssh2
May  6 18:47:49 localhost sshd[9728]: Failed password for invalid user admin from 152.89.196.55 port 12327 ssh2
May  6 18:47:49 localhost sshd[9730]: Received disconnect from 143.198.49.250 port 40182:11: Bye Bye [preauth]
May  6 18:47:49 localhost sshd[9730]: Disconnected from authenticating user root 143.198.49.250 port 40182 [preauth]
May  6 18:47:49 localhost sshd[9728]: Received disconnect from 152.89.196.55 port 12327:11: Client disconnecting normally [preauth]
May  6 18:47:49 localhost sshd[9728]: Disconnected from invalid user admin 152.89.196.55 port 12327 [preauth]
May  6 18:47:55 localhost sshd[9847]: pam_unix(sshd:auth): authentication failure; logname= uid=0 euid=0 tty=ssh ruser= rhost=88.214.58.177  user=root
May  6 18:47:55 localhost sshd[9844]: pam_unix(sshd:auth): authentication failure; logname= uid=0 euid=0 tty=ssh ruser= rhost=207.120.8.120  user=root
May  6 18:47:57 localhost sshd[9847]: Failed password for root from 88.214.58.177 port 45760 ssh2
May  6 18:47:57 localhost sshd[9844]: Failed password for root from 207.120.8.120 port 17443 ssh2
May  6 18:47:57 localhost sshd[9847]: Received disconnect from 88.214.58.177 port 45760:11: Bye Bye [preauth]
May  6 18:47:57 localhost sshd[9847]: Disconnected from authenticating user root 88.214.58.177 port 45760 [preauth]
May  6 18:47:57 localhost sshd[9844]: Received disconnect from 207.120.8.120 port 17443:11: Bye Bye [preauth]
May  6 18:47:57 localhost sshd[9844]: Disconnected from authenticating user root 207.120.8.120 port 17443 [preauth]
May  6 18:48:00 localhost sshd[9884]: pam_unix(sshd:auth): authentication failure; logname= uid=0 euid=0 tty=ssh ruser= rhost=49.51.24.192  user=root
May  6 18:48:01 localhost sshd[9947]: Invalid user raja from 143.198.49.250 port 43180
May  6 18:48:01 localhost sshd[9947]: pam_unix(sshd:auth): check pass; user unknown
May  6 18:48:01 localhost sshd[9947]: pam_unix(sshd:auth): authentication failure; logname= uid=0 euid=0 tty=ssh ruser= rhost=143.198.49.250
May  6 18:48:02 localhost sshd[9884]: Failed password for root from 49.51.24.192 port 37794 ssh2
May  6 18:48:02 localhost sshd[9884]: Received disconnect from 49.51.24.192 port 37794:11: Bye Bye [preauth]
May  6 18:48:02 localhost sshd[9884]: Disconnected from authenticating user root 49.51.24.192 port 37794 [preauth]
May  6 18:48:03 localhost sshd[9947]: Failed password for invalid user raja from 143.198.49.250 port 43180 ssh2
May  6 18:48:03 localhost sshd[9947]: Received disconnect from 143.198.49.250 port 43180:11: Bye Bye [preauth]
May  6 18:48:03 localhost sshd[9947]: Disconnected from invalid user raja 143.198.49.250 port 43180 [preauth]
May  6 18:48:05 localhost sshd[10005]: Invalid user dina from 43.156.237.144 port 42814
May  6 18:48:05 localhost sshd[10005]: pam_unix(sshd:auth): check pass; user unknown
May  6 18:48:05 localhost sshd[10005]: pam_unix(sshd:auth): authentication failure; logname= uid=0 euid=0 tty=ssh ruser= rhost=43.156.237.144
May  6 18:48:07 localhost sshd[10005]: Failed password for invalid user dina from 43.156.237.144 port 42814 ssh2
May  6 18:48:08 localhost sshd[10005]: Received disconnect from 43.156.237.144 port 42814:11: Bye Bye [preauth]
May  6 18:48:08 localhost sshd[10005]: Disconnected from invalid user dina 43.156.237.144 port 42814 [preauth]
May  6 18:48:18 localhost sshd[10160]: Invalid user thomas from 195.58.48.188 port 48758
May  6 18:48:18 localhost sshd[10160]: pam_unix(sshd:auth): check pass; user unknown
May  6 18:48:18 localhost sshd[10160]: pam_unix(sshd:auth): authentication failure; logname= uid=0 euid=0 tty=ssh ruser= rhost=195.58.48.188
May  6 18:48:18 localhost sshd[10172]: pam_unix(sshd:auth): authentication failure; logname= uid=0 euid=0 tty=ssh ruser= rhost=143.198.49.250  user=root
May  6 18:48:20 localhost sshd[10160]: Failed password for invalid user thomas from 195.58.48.188 port 48758 ssh2
May  6 18:48:20 localhost sshd[10160]: Received disconnect from 195.58.48.188 port 48758:11: Bye Bye [preauth]
May  6 18:48:20 localhost sshd[10160]: Disconnected from invalid user thomas 195.58.48.188 port 48758 [preauth]
May  6 18:48:20 localhost sshd[10172]: Failed password for root from 143.198.49.250 port 46204 ssh2
May  6 18:48:20 localhost sshd[10199]: pam_unix(sshd:auth): authentication failure; logname= uid=0 euid=0 tty=ssh ruser= rhost=88.214.58.177  user=root
May  6 18:48:20 localhost sshd[10172]: Received disconnect from 143.198.49.250 port 46204:11: Bye Bye [preauth]
May  6 18:48:20 localhost sshd[10172]: Disconnected from authenticating user root 143.198.49.250 port 46204 [preauth]
May  6 18:48:22 localhost sshd[10199]: Failed password for root from 88.214.58.177 port 44924 ssh2
May  6 18:48:23 localhost sshd[10199]: Received disconnect from 88.214.58.177 port 44924:11: Bye Bye [preauth]
May  6 18:48:23 localhost sshd[10199]: Disconnected from authenticating user root 88.214.58.177 port 44924 [preauth]
May  6 18:48:32 localhost sshd[10455]: Invalid user bkuser from 143.198.49.250 port 49218
May  6 18:48:32 localhost sshd[10455]: pam_unix(sshd:auth): check pass; user unknown
May  6 18:48:32 localhost sshd[10455]: pam_unix(sshd:auth): authentication failure; logname= uid=0 euid=0 tty=ssh ruser= rhost=143.198.49.250
May  6 18:48:34 localhost sshd[10455]: Failed password for invalid user bkuser from 143.198.49.250 port 49218 ssh2
May  6 18:48:35 localhost sshd[10455]: Received disconnect from 143.198.49.250 port 49218:11: Bye Bye [preauth]
May  6 18:48:35 localhost sshd[10455]: Disconnected from invalid user bkuser 143.198.49.250 port 49218 [preauth]
May  6 18:48:38 localhost sshd[10517]: pam_unix(sshd:auth): authentication failure; logname= uid=0 euid=0 tty=ssh ruser= rhost=159.203.113.193  user=root
May  6 18:48:39 localhost sshd[10517]: Failed password for root from 159.203.113.193 port 54168 ssh2
May  6 18:48:40 localhost sshd[10517]: Received disconnect from 159.203.113.193 port 54168:11: Bye Bye [preauth]
May  6 18:48:40 localhost sshd[10517]: Disconnected from authenticating user root 159.203.113.193 port 54168 [preauth]
May  6 18:48:45 localhost sshd[10584]: pam_unix(sshd:auth): authentication failure; logname= uid=0 euid=0 tty=ssh ruser= rhost=88.214.58.177  user=root
May  6 18:48:47 localhost sshd[10601]: Invalid user tomcat from 143.198.49.250 port 52230
May  6 18:48:47 localhost sshd[10601]: pam_unix(sshd:auth): check pass; user unknown
May  6 18:48:47 localhost sshd[10601]: pam_unix(sshd:auth): authentication failure; logname= uid=0 euid=0 tty=ssh ruser= rhost=143.198.49.250
May  6 18:48:48 localhost sshd[10584]: Failed password for root from 88.214.58.177 port 43298 ssh2
May  6 18:48:48 localhost sshd[10584]: Received disconnect from 88.214.58.177 port 43298:11: Bye Bye [preauth]
May  6 18:48:48 localhost sshd[10584]: Disconnected from authenticating user root 88.214.58.177 port 43298 [preauth]
May  6 18:48:49 localhost sshd[10601]: Failed password for invalid user tomcat from 143.198.49.250 port 52230 ssh2
May  6 18:48:49 localhost sshd[10601]: Received disconnect from 143.198.49.250 port 52230:11: Bye Bye [preauth]
May  6 18:48:49 localhost sshd[10601]: Disconnected from invalid user tomcat 143.198.49.250 port 52230 [preauth]
May  6 18:48:55 localhost sshd[10681]: pam_unix(sshd:auth): authentication failure; logname= uid=0 euid=0 tty=ssh ruser= rhost=143.198.145.17  user=root
May  6 18:48:56 localhost sshd[10681]: Failed password for root from 143.198.145.17 port 44288 ssh2
May  6 18:48:57 localhost sshd[10681]: Received disconnect from 143.198.145.17 port 44288:11: Bye Bye [preauth]
May  6 18:48:57 localhost sshd[10681]: Disconnected from authenticating user root 143.198.145.17 port 44288 [preauth]
May  6 18:49:03 localhost sshd[10819]: Invalid user zero from 207.120.8.120 port 59125
May  6 18:49:03 localhost sshd[10819]: pam_unix(sshd:auth): check pass; user unknown
May  6 18:49:03 localhost sshd[10819]: pam_unix(sshd:auth): authentication failure; logname= uid=0 euid=0 tty=ssh ruser= rhost=207.120.8.120
May  6 18:49:05 localhost sshd[10819]: Failed password for invalid user zero from 207.120.8.120 port 59125 ssh2
May  6 18:49:06 localhost sshd[10819]: Received disconnect from 207.120.8.120 port 59125:11: Bye Bye [preauth]
May  6 18:49:06 localhost sshd[10819]: Disconnected from invalid user zero 207.120.8.120 port 59125 [preauth]
May  6 18:49:10 localhost sshd[10950]: pam_unix(sshd:auth): authentication failure; logname= uid=0 euid=0 tty=ssh ruser= rhost=88.214.58.177  user=root
May  6 18:49:12 localhost sshd[10950]: Failed password for root from 88.214.58.177 port 41594 ssh2
May  6 18:49:12 localhost sshd[10950]: Received disconnect from 88.214.58.177 port 41594:11: Bye Bye [preauth]
May  6 18:49:12 localhost sshd[10950]: Disconnected from authenticating user root 88.214.58.177 port 41594 [preauth]
May  6 18:49:12 localhost sshd[10977]: Invalid user xiao from 49.51.24.192 port 36062
May  6 18:49:12 localhost sshd[10977]: pam_unix(sshd:auth): check pass; user unknown
May  6 18:49:12 localhost sshd[10977]: pam_unix(sshd:auth): authentication failure; logname= uid=0 euid=0 tty=ssh ruser= rhost=49.51.24.192
May  6 18:49:14 localhost sshd[10977]: Failed password for invalid user xiao from 49.51.24.192 port 36062 ssh2
May  6 18:49:14 localhost sshd[10977]: Received disconnect from 49.51.24.192 port 36062:11: Bye Bye [preauth]
May  6 18:49:14 localhost sshd[10977]: Disconnected from invalid user xiao 49.51.24.192 port 36062 [preauth]
May  6 18:49:25 localhost sshd[11121]: pam_unix(sshd:auth): authentication failure; logname= uid=0 euid=0 tty=ssh ruser= rhost=43.156.237.144  user=root
May  6 18:49:26 localhost sshd[11121]: Failed password for root from 43.156.237.144 port 40770 ssh2
May  6 18:49:26 localhost sshd[11121]: Received disconnect from 43.156.237.144 port 40770:11: Bye Bye [preauth]
May  6 18:49:26 localhost sshd[11121]: Disconnected from authenticating user root 43.156.237.144 port 40770 [preauth]
May  6 18:49:37 localhost sshd[11302]: pam_unix(sshd:auth): authentication failure; logname= uid=0 euid=0 tty=ssh ruser= rhost=88.214.58.177  user=root
May  6 18:49:38 localhost sshd[11304]: Invalid user annie from 202.77.105.98 port 39545
May  6 18:49:38 localhost sshd[11304]: pam_unix(sshd:auth): check pass; user unknown
May  6 18:49:38 localhost sshd[11304]: pam_unix(sshd:auth): authentication failure; logname= uid=0 euid=0 tty=ssh ruser= rhost=202.77.105.98
May  6 18:49:39 localhost sshd[11302]: Failed password for root from 88.214.58.177 port 42528 ssh2
May  6 18:49:39 localhost sshd[11302]: Received disconnect from 88.214.58.177 port 42528:11: Bye Bye [preauth]
May  6 18:49:39 localhost sshd[11302]: Disconnected from authenticating user root 88.214.58.177 port 42528 [preauth]
May  6 18:49:40 localhost sshd[11304]: Failed password for invalid user annie from 202.77.105.98 port 39545 ssh2
May  6 18:49:40 localhost sshd[11304]: Received disconnect from 202.77.105.98 port 39545:11: Bye Bye [preauth]
May  6 18:49:40 localhost sshd[11304]: Disconnected from invalid user annie 202.77.105.98 port 39545 [preauth]
May  6 18:49:42 localhost sshd[11356]: Invalid user thomas from 159.203.113.193 port 48300
May  6 18:49:42 localhost sshd[11356]: pam_unix(sshd:auth): check pass; user unknown
May  6 18:49:42 localhost sshd[11356]: pam_unix(sshd:auth): authentication failure; logname= uid=0 euid=0 tty=ssh ruser= rhost=159.203.113.193
May  6 18:49:44 localhost sshd[11356]: Failed password for invalid user thomas from 159.203.113.193 port 48300 ssh2
May  6 18:49:45 localhost sshd[11356]: Received disconnect from 159.203.113.193 port 48300:11: Bye Bye [preauth]
May  6 18:49:45 localhost sshd[11356]: Disconnected from invalid user thomas 159.203.113.193 port 48300 [preauth]
May  6 18:49:46 localhost sshd[11393]: Invalid user susan from 195.58.48.188 port 46490
May  6 18:49:46 localhost sshd[11393]: pam_unix(sshd:auth): check pass; user unknown
May  6 18:49:46 localhost sshd[11393]: pam_unix(sshd:auth): authentication failure; logname= uid=0 euid=0 tty=ssh ruser= rhost=195.58.48.188
May  6 18:49:48 localhost sshd[11393]: Failed password for invalid user susan from 195.58.48.188 port 46490 ssh2
May  6 18:49:49 localhost sshd[11393]: Received disconnect from 195.58.48.188 port 46490:11: Bye Bye [preauth]
May  6 18:49:49 localhost sshd[11393]: Disconnected from invalid user susan 195.58.48.188 port 46490 [preauth]
May  6 18:49:57 localhost sshd[11557]: Invalid user odoo from 173.212.238.14 port 56978
May  6 18:49:57 localhost sshd[11557]: pam_unix(sshd:auth): check pass; user unknown
May  6 18:49:57 localhost sshd[11557]: pam_unix(sshd:auth): authentication failure; logname= uid=0 euid=0 tty=ssh ruser= rhost=173.212.238.14
May  6 18:49:59 localhost sshd[11557]: Failed password for invalid user odoo from 173.212.238.14 port 56978 ssh2
May  6 18:49:59 localhost sshd[11557]: Connection closed by invalid user odoo 173.212.238.14 port 56978 [preauth]
May  6 18:50:02 localhost sshd[11620]: pam_unix(sshd:auth): authentication failure; logname= uid=0 euid=0 tty=ssh ruser= rhost=88.214.58.177  user=root
May  6 18:50:04 localhost sshd[11620]: Failed password for root from 88.214.58.177 port 41478 ssh2
May  6 18:50:05 localhost sshd[11620]: Received disconnect from 88.214.58.177 port 41478:11: Bye Bye [preauth]
May  6 18:50:05 localhost sshd[11620]: Disconnected from authenticating user root 88.214.58.177 port 41478 [preauth]
May  6 18:50:10 localhost sshd[11702]: pam_unix(sshd:auth): authentication failure; logname= uid=0 euid=0 tty=ssh ruser= rhost=143.198.145.17  user=root
May  6 18:50:12 localhost sshd[11702]: Failed password for root from 143.198.145.17 port 41396 ssh2
May  6 18:50:12 localhost sshd[11702]: Received disconnect from 143.198.145.17 port 41396:11: Bye Bye [preauth]
May  6 18:50:12 localhost sshd[11702]: Disconnected from authenticating user root 143.198.145.17 port 41396 [preauth]
May  6 18:50:19 localhost sshd[11774]: Invalid user xiao from 207.120.8.120 port 21297
May  6 18:50:19 localhost sshd[11774]: pam_unix(sshd:auth): check pass; user unknown
May  6 18:50:19 localhost sshd[11774]: pam_unix(sshd:auth): authentication failure; logname= uid=0 euid=0 tty=ssh ruser= rhost=207.120.8.120
May  6 18:50:21 localhost sshd[11774]: Failed password for invalid user xiao from 207.120.8.120 port 21297 ssh2
May  6 18:50:21 localhost sshd[11774]: Received disconnect from 207.120.8.120 port 21297:11: Bye Bye [preauth]
May  6 18:50:21 localhost sshd[11774]: Disconnected from invalid user xiao 207.120.8.120 port 21297 [preauth]
May  6 18:50:27 localhost sshd[11915]: pam_unix(sshd:auth): authentication failure; logname= uid=0 euid=0 tty=ssh ruser= rhost=88.214.58.177  user=root
May  6 18:50:28 localhost sshd[11903]: pam_unix(sshd:auth): authentication failure; logname= uid=0 euid=0 tty=ssh ruser= rhost=49.51.24.192  user=root
May  6 18:50:29 localhost sshd[11915]: Failed password for root from 88.214.58.177 port 40070 ssh2
May  6 18:50:29 localhost sshd[11915]: Received disconnect from 88.214.58.177 port 40070:11: Bye Bye [preauth]
May  6 18:50:29 localhost sshd[11915]: Disconnected from authenticating user root 88.214.58.177 port 40070 [preauth]
May  6 18:50:30 localhost sshd[11903]: Failed password for root from 49.51.24.192 port 34330 ssh2
May  6 18:50:31 localhost sshd[11903]: Received disconnect from 49.51.24.192 port 34330:11: Bye Bye [preauth]
May  6 18:50:31 localhost sshd[11903]: Disconnected from authenticating user root 49.51.24.192 port 34330 [preauth]
May  6 18:50:44 localhost sshd[12076]: Invalid user ftpadmin from 159.203.113.193 port 42432
May  6 18:50:44 localhost sshd[12076]: pam_unix(sshd:auth): check pass; user unknown
May  6 18:50:44 localhost sshd[12076]: pam_unix(sshd:auth): authentication failure; logname= uid=0 euid=0 tty=ssh ruser= rhost=159.203.113.193
May  6 18:50:46 localhost sshd[12076]: Failed password for invalid user ftpadmin from 159.203.113.193 port 42432 ssh2
May  6 18:50:46 localhost sshd[12076]: Received disconnect from 159.203.113.193 port 42432:11: Bye Bye [preauth]
May  6 18:50:46 localhost sshd[12076]: Disconnected from invalid user ftpadmin 159.203.113.193 port 42432 [preauth]
May  6 18:50:48 localhost sshd[12120]: Invalid user ec2-user from 43.156.237.144 port 38706
May  6 18:50:48 localhost sshd[12120]: pam_unix(sshd:auth): check pass; user unknown
May  6 18:50:48 localhost sshd[12120]: pam_unix(sshd:auth): authentication failure; logname= uid=0 euid=0 tty=ssh ruser= rhost=43.156.237.144
May  6 18:50:50 localhost sshd[12120]: Failed password for invalid user ec2-user from 43.156.237.144 port 38706 ssh2
May  6 18:50:50 localhost sshd[12120]: Received disconnect from 43.156.237.144 port 38706:11: Bye Bye [preauth]
May  6 18:50:50 localhost sshd[12120]: Disconnected from invalid user ec2-user 43.156.237.144 port 38706 [preauth]
May  6 18:50:52 localhost sshd[12157]: pam_unix(sshd:auth): authentication failure; logname= uid=0 euid=0 tty=ssh ruser= rhost=88.214.58.177  user=root
May  6 18:50:54 localhost sshd[12157]: Failed password for root from 88.214.58.177 port 39856 ssh2
May  6 18:50:54 localhost sshd[12157]: Received disconnect from 88.214.58.177 port 39856:11: Bye Bye [preauth]
May  6 18:50:54 localhost sshd[12157]: Disconnected from authenticating user root 88.214.58.177 port 39856 [preauth]
May  6 18:51:18 localhost sshd[12490]: pam_unix(sshd:auth): authentication failure; logname= uid=0 euid=0 tty=ssh ruser= rhost=88.214.58.177  user=root
May  6 18:51:20 localhost sshd[12492]: pam_unix(sshd:auth): authentication failure; logname= uid=0 euid=0 tty=ssh ruser= rhost=195.58.48.188  user=root
May  6 18:51:20 localhost sshd[12490]: Failed password for root from 88.214.58.177 port 39168 ssh2
May  6 18:51:20 localhost sshd[12490]: Received disconnect from 88.214.58.177 port 39168:11: Bye Bye [preauth]
May  6 18:51:20 localhost sshd[12490]: Disconnected from authenticating user root 88.214.58.177 port 39168 [preauth]
May  6 18:51:21 localhost sshd[12492]: Failed password for root from 195.58.48.188 port 44216 ssh2
May  6 18:51:22 localhost sshd[12492]: Received disconnect from 195.58.48.188 port 44216:11: Bye Bye [preauth]
May  6 18:51:22 localhost sshd[12492]: Disconnected from authenticating user root 195.58.48.188 port 44216 [preauth]
May  6 18:51:24 localhost sshd[12544]: pam_unix(sshd:auth): authentication failure; logname= uid=0 euid=0 tty=ssh ruser= rhost=207.120.8.120  user=root
May  6 18:51:26 localhost sshd[12544]: Failed password for root from 207.120.8.120 port 58231 ssh2
May  6 18:51:26 localhost sshd[12544]: Received disconnect from 207.120.8.120 port 58231:11: Bye Bye [preauth]
May  6 18:51:26 localhost sshd[12544]: Disconnected from authenticating user root 207.120.8.120 port 58231 [preauth]
May  6 18:51:33 localhost sshd[12658]: Invalid user noroot from 143.198.145.17 port 45208
May  6 18:51:33 localhost sshd[12658]: pam_unix(sshd:auth): check pass; user unknown
May  6 18:51:33 localhost sshd[12658]: pam_unix(sshd:auth): authentication failure; logname= uid=0 euid=0 tty=ssh ruser= rhost=143.198.145.17
May  6 18:51:35 localhost sshd[12658]: Failed password for invalid user noroot from 143.198.145.17 port 45208 ssh2
May  6 18:51:35 localhost sshd[12658]: Received disconnect from 143.198.145.17 port 45208:11: Bye Bye [preauth]
May  6 18:51:35 localhost sshd[12658]: Disconnected from invalid user noroot 143.198.145.17 port 45208 [preauth]
May  6 18:51:45 localhost sshd[12800]: Invalid user avinash from 159.203.113.193 port 36554
May  6 18:51:45 localhost sshd[12800]: pam_unix(sshd:auth): check pass; user unknown
May  6 18:51:45 localhost sshd[12800]: pam_unix(sshd:auth): authentication failure; logname= uid=0 euid=0 tty=ssh ruser= rhost=159.203.113.193
May  6 18:51:45 localhost sshd[12802]: Invalid user Test from 202.77.105.98 port 52781
May  6 18:51:45 localhost sshd[12802]: pam_unix(sshd:auth): check pass; user unknown
May  6 18:51:45 localhost sshd[12802]: pam_unix(sshd:auth): authentication failure; logname= uid=0 euid=0 tty=ssh ruser= rhost=202.77.105.98
May  6 18:51:46 localhost sshd[12814]: pam_unix(sshd:auth): authentication failure; logname= uid=0 euid=0 tty=ssh ruser= rhost=88.214.58.177  user=root
May  6 18:51:47 localhost sshd[12800]: Failed password for invalid user avinash from 159.203.113.193 port 36554 ssh2
May  6 18:51:47 localhost sshd[12800]: Received disconnect from 159.203.113.193 port 36554:11: Bye Bye [preauth]
May  6 18:51:47 localhost sshd[12800]: Disconnected from invalid user avinash 159.203.113.193 port 36554 [preauth]
May  6 18:51:47 localhost sshd[12802]: Failed password for invalid user Test from 202.77.105.98 port 52781 ssh2
May  6 18:51:47 localhost sshd[12802]: Received disconnect from 202.77.105.98 port 52781:11: Bye Bye [preauth]
May  6 18:51:47 localhost sshd[12802]: Disconnected from invalid user Test 202.77.105.98 port 52781 [preauth]
May  6 18:51:48 localhost sshd[12814]: Failed password for root from 88.214.58.177 port 39310 ssh2
May  6 18:51:48 localhost sshd[12814]: Received disconnect from 88.214.58.177 port 39310:11: Bye Bye [preauth]
May  6 18:51:48 localhost sshd[12814]: Disconnected from authenticating user root 88.214.58.177 port 39310 [preauth]
May  6 18:51:54 localhost sshd[12892]: Invalid user ec2-user from 49.51.24.192 port 60828
May  6 18:51:54 localhost sshd[12892]: pam_unix(sshd:auth): check pass; user unknown
May  6 18:51:54 localhost sshd[12892]: pam_unix(sshd:auth): authentication failure; logname= uid=0 euid=0 tty=ssh ruser= rhost=49.51.24.192
May  6 18:51:55 localhost sshd[12892]: Failed password for invalid user ec2-user from 49.51.24.192 port 60828 ssh2
May  6 18:51:55 localhost sshd[12892]: Received disconnect from 49.51.24.192 port 60828:11: Bye Bye [preauth]
May  6 18:51:55 localhost sshd[12892]: Disconnected from invalid user ec2-user 49.51.24.192 port 60828 [preauth]
May  6 18:52:10 localhost sshd[13083]: pam_unix(sshd:auth): authentication failure; logname= uid=0 euid=0 tty=ssh ruser= rhost=88.214.58.177  user=root
May  6 18:52:12 localhost sshd[13083]: Failed password for root from 88.214.58.177 port 37982 ssh2
May  6 18:52:12 localhost sshd[13083]: Received disconnect from 88.214.58.177 port 37982:11: Bye Bye [preauth]
May  6 18:52:12 localhost sshd[13083]: Disconnected from authenticating user root 88.214.58.177 port 37982 [preauth]
